---
source: crates/csl/src/test.rs
expression: "crate::Style::parse_for_test(::indoc::indoc!(r#\"\n        <style version=\"999.0\" class=\"in-text\">\n            <citation><layout></layout></citation>\n        </style>\n    \"#)).expect_err(\"should have failed with errors\")"
---
Invalid(
    CslError(
        [
            InvalidCsl {
                severity: Error,
                range: 0..91,
                message: "Unsupported CSL version: \">=999.0.0, <999.1.0\". This engine supports 1.0.1.",
                hint: "",
            },
        ],
    ),
)
