---
source: crates/csl/src/style/info.rs
expression: "crate::from_node::parse_as_with::<Link>(::indoc::indoc!(r#\"<link rel=\"self\" href=\"https://example.com\" />\"#),\n                                        None).expect(\"did not parse\")"
---
Link {
    href: Url(
        Url {
            scheme: "https",
            cannot_be_a_base: false,
            username: "",
            password: None,
            host: Some(
                Domain(
                    "example.com",
                ),
            ),
            port: None,
            path: "/",
            query: None,
            fragment: None,
        },
    ),
    rel: RelSelf,
    lang: None,
}
