---
source: crates/csl/src/style/info.rs
expression: "crate::from_node::parse_as_with::<Info>(::indoc::indoc!(r#\"\n            <info>\n                <id>https://example.com/mystyle</id>\n                <updated>2020-01-01T00:00:00Z</updated>\n                <title>My Style</title>\n                <link rel=\"independent-parent\" href=\"parent-uri\" />\n            </info>\n        \"#),\n                                        None).expect(\"did not parse\")"
---
Info {
    id: Url(
        Url {
            scheme: "https",
            cannot_be_a_base: false,
            username: "",
            password: None,
            host: Some(
                Domain(
                    "example.com",
                ),
            ),
            port: None,
            path: "/mystyle",
            query: None,
            fragment: None,
        },
    ),
    updated: 2020-01-01T00:00:00+00:00,
    title: LocalizedString {
        value: "My Style",
        lang: None,
    },
    title_short: None,
    rights: None,
    summary: None,
    parent: Some(
        ParentLink {
            href: Identifier(
                "parent-uri",
            ),
            lang: None,
        },
    ),
    links: [],
    citation_format: None,
    categories: [],
    issn: None,
    eissn: None,
    issnl: None,
}
