---
source: crates/csl/src/style/info.rs
expression: "crate::from_node::parse_as::<LSHelper<TitleHint>>(::indoc::indoc!(r#\"<str>content</str>\"#)).expect(\"did not parse\")"
---
LSHelper {
    string: LocalizedString {
        value: "content",
        lang: None,
    },
    _marker: PhantomData,
}
